1234

test
testing again
